Using pre-set license
Built from '2022.3/release' branch; Version is '2022.3.5f1 (9674261d40ee) revision 9860134'; Using compiler version '192829333'; Build Type 'Release'
OS: 'Windows 10  (10.0.19045) 64bit Professional' Language: 'es' Physical Memory: 12008 MB
BatchMode: 1, IsHumanControllingUs: 0, StartBugReporterOnCrash: 0, Is64bit: 1, IsPro: 1

COMMAND LINE ARGUMENTS:
C:\Program Files\Unity\Hub\Editor\2022.3.5f1\Editor\Unity.exe
-adb2
-batchMode
-noUpm
-name
AssetImportWorker2
-projectPath
C:/Users/p4l0m/Documents/GitHub/Tesis
-logFile
Logs/AssetImportWorker2.log
-srvPort
52368
Successfully changed project path to: C:/Users/p4l0m/Documents/GitHub/Tesis
C:/Users/p4l0m/Documents/GitHub/Tesis
[UnityMemory] Configuration Parameters - Can be set up in boot.config
    "memorysetup-bucket-allocator-granularity=16"
    "memorysetup-bucket-allocator-bucket-count=8"
    "memorysetup-bucket-allocator-block-size=33554432"
    "memorysetup-bucket-allocator-block-count=8"
    "memorysetup-main-allocator-block-size=16777216"
    "memorysetup-thread-allocator-block-size=16777216"
    "memorysetup-gfx-main-allocator-block-size=16777216"
    "memorysetup-gfx-thread-allocator-block-size=16777216"
    "memorysetup-cache-allocator-block-size=4194304"
    "memorysetup-typetree-allocator-block-size=2097152"
    "memorysetup-profiler-bucket-allocator-granularity=16"
    "memorysetup-profiler-bucket-allocator-bucket-count=8"
    "memorysetup-profiler-bucket-allocator-block-size=33554432"
    "memorysetup-profiler-bucket-allocator-block-count=8"
    "memorysetup-profiler-allocator-block-size=16777216"
    "memorysetup-profiler-editor-allocator-block-size=1048576"
    "memorysetup-temp-allocator-size-main=16777216"
    "memorysetup-job-temp-allocator-block-size=2097152"
    "memorysetup-job-temp-allocator-block-size-background=1048576"
    "memorysetup-job-temp-allocator-reduction-small-platforms=262144"
    "memorysetup-allocator-temp-initial-block-size-main=262144"
    "memorysetup-allocator-temp-initial-block-size-worker=262144"
    "memorysetup-temp-allocator-size-background-worker=32768"
    "memorysetup-temp-allocator-size-job-worker=262144"
    "memorysetup-temp-allocator-size-preload-manager=33554432"
    "memorysetup-temp-allocator-size-nav-mesh-worker=65536"
    "memorysetup-temp-allocator-size-audio-worker=65536"
    "memorysetup-temp-allocator-size-cloud-worker=32768"
    "memorysetup-temp-allocator-size-gi-baking-worker=262144"
    "memorysetup-temp-allocator-size-gfx=262144"
Player connection [5208] Host "[IP] 192.168.59.54 [Port] 0 [Flags] 2 [Guid] 3979144073 [EditorId] 3979144073 [Version] 1048832 [Id] WindowsEditor(7,DESKTOP-PIBLJ4L) [Debug] 1 [PackageName] WindowsEditor [ProjectName] Editor" joined multi-casting on [225.0.0.222:54997]...

Player connection [5208] Host "[IP] 192.168.59.54 [Port] 0 [Flags] 2 [Guid] 3979144073 [EditorId] 3979144073 [Version] 1048832 [Id] WindowsEditor(7,DESKTOP-PIBLJ4L) [Debug] 1 [PackageName] WindowsEditor [ProjectName] Editor" joined alternative multi-casting on [225.0.0.222:34997]...

Refreshing native plugins compatible for Editor in 28.44 ms, found 3 plugins.
Preloading 0 native plugins for Editor in 0.00 ms.
Initialize engine version: 2022.3.5f1 (9674261d40ee)
[Subsystems] Discovering subsystems at path C:/Program Files/Unity/Hub/Editor/2022.3.5f1/Editor/Data/Resources/UnitySubsystems
[Subsystems] Discovering subsystems at path C:/Users/p4l0m/Documents/GitHub/Tesis/Assets
GfxDevice: creating device client; threaded=0; jobified=0
Direct3D:
    Version:  Direct3D 11.0 [level 10.1]
    Renderer: Intel(R) HD Graphics (ID=0x102)
    Vendor:   Intel
    VRAM:     256 MB
    Driver:   9.17.10.4459
Initialize mono
Mono path[0] = 'C:/Program Files/Unity/Hub/Editor/2022.3.5f1/Editor/Data/Managed'
Mono path[1] = 'C:/Program Files/Unity/Hub/Editor/2022.3.5f1/Editor/Data/MonoBleedingEdge/lib/mono/unityjit-win32'
Mono config path = 'C:/Program Files/Unity/Hub/Editor/2022.3.5f1/Editor/Data/MonoBleedingEdge/etc'
Using monoOptions --debugger-agent=transport=dt_socket,embedding=1,server=y,suspend=n,address=127.0.0.1:56676
Begin MonoManager ReloadAssembly
Registering precompiled unity dll's ...
Register platform support module: C:/Program Files/Unity/Hub/Editor/2022.3.5f1/Editor/Data/PlaybackEngines/WindowsStandaloneSupport/UnityEditor.WindowsStandalone.Extensions.dll
Registered in 0.014529 seconds.
- Loaded All Assemblies, in  1.257 seconds
Native extension for WindowsStandalone target not found
Mono: successfully reloaded assembly
- Finished resetting the current domain, in  1.380 seconds
Domain Reload Profiling: 2693ms
	BeginReloadAssembly (164ms)
		ExecutionOrderSort (0ms)
		DisableScriptedObjects (0ms)
		BackupInstance (0ms)
		ReleaseScriptingObjects (0ms)
		CreateAndSetChildDomain (1ms)
	RebuildCommonClasses (53ms)
	RebuildNativeTypeToScriptingClass (19ms)
	initialDomainReloadingComplete (106ms)
	LoadAllAssembliesAndSetupDomain (912ms)
		LoadAssemblies (160ms)
		RebuildTransferFunctionScriptingTraits (0ms)
		AnalyzeDomain (889ms)
			TypeCache.Refresh (888ms)
				TypeCache.ScanAssembly (863ms)
			ScanForSourceGeneratedMonoScriptInfo (1ms)
			ResolveRequiredComponents (1ms)
	FinalizeReload (1439ms)
		ReleaseScriptCaches (0ms)
		RebuildScriptCaches (0ms)
		SetupLoadedEditorAssemblies (1035ms)
			LogAssemblyErrors (0ms)
			InitializePlatformSupportModulesInManaged (64ms)
			SetLoadedEditorAssemblies (32ms)
			RefreshPlugins (0ms)
			BeforeProcessingInitializeOnLoad (4ms)
			ProcessInitializeOnLoadAttributes (650ms)
			ProcessInitializeOnLoadMethodAttributes (285ms)
			AfterProcessingInitializeOnLoad (0ms)
			EditorAssembliesLoaded (0ms)
		ExecutionOrderSort2 (0ms)
		AwakeInstancesAfterBackupRestoration (0ms)
========================================================================
Worker process is ready to serve import requests
Begin MonoManager ReloadAssembly
Symbol file LoadedFromMemory doesn't match image C:\Users\p4l0m\Documents\GitHub\Tesis\Library\PackageCache\com.unity.visualscripting@1.8.0\Editor\VisualScripting.Core\Dependencies\YamlDotNet\Unity.VisualScripting.YamlDotNet.dll
Symbol file LoadedFromMemory doesn't match image C:\Users\p4l0m\Documents\GitHub\Tesis\Library\PackageCache\com.unity.visualscripting@1.8.0\Editor\VisualScripting.Core\Dependencies\DotNetZip\Unity.VisualScripting.IonicZip.dll
- Loaded All Assemblies, in  4.684 seconds
Refreshing native plugins compatible for Editor in 14.12 ms, found 3 plugins.
Native extension for WindowsStandalone target not found
Package Manager log level set to [2]
[Package Manager] Server::EnsureServerProcessIsRunning -- launch failed, reason: Unity was launched with the -noUpm command-line argument
[Package Manager] UpmClient::Send -- Unable to send message (not connected to UPM process).
[Package Manager] Cannot connect to Unity Package Manager local server
[Package Manager] Server::EnsureServerProcessIsRunning -- launch failed, reason: Unity was launched with the -noUpm command-line argument
[Package Manager] UpmClient::Send -- Unable to send message (not connected to UPM process).
[Package Manager] Cannot connect to Unity Package Manager local server
Mono: successfully reloaded assembly
- Finished resetting the current domain, in  4.641 seconds
Domain Reload Profiling: 9318ms
	BeginReloadAssembly (626ms)
		ExecutionOrderSort (0ms)
		DisableScriptedObjects (71ms)
		BackupInstance (0ms)
		ReleaseScriptingObjects (0ms)
		CreateAndSetChildDomain (71ms)
	RebuildCommonClasses (298ms)
	RebuildNativeTypeToScriptingClass (30ms)
	initialDomainReloadingComplete (224ms)
	LoadAllAssembliesAndSetupDomain (3498ms)
		LoadAssemblies (1966ms)
		RebuildTransferFunctionScriptingTraits (0ms)
		AnalyzeDomain (1890ms)
			TypeCache.Refresh (1678ms)
				TypeCache.ScanAssembly (1601ms)
			ScanForSourceGeneratedMonoScriptInfo (162ms)
			ResolveRequiredComponents (50ms)
	FinalizeReload (4642ms)
		ReleaseScriptCaches (0ms)
		RebuildScriptCaches (0ms)
		SetupLoadedEditorAssemblies (2991ms)
			LogAssemblyErrors (0ms)
			InitializePlatformSupportModulesInManaged (21ms)
			SetLoadedEditorAssemblies (12ms)
			RefreshPlugins (0ms)
			BeforeProcessingInitializeOnLoad (377ms)
			ProcessInitializeOnLoadAttributes (2057ms)
			ProcessInitializeOnLoadMethodAttributes (501ms)
			AfterProcessingInitializeOnLoad (22ms)
			EditorAssembliesLoaded (0ms)
		ExecutionOrderSort2 (0ms)
		AwakeInstancesAfterBackupRestoration (51ms)
Launched and connected shader compiler UnityShaderCompiler.exe after 0.68 seconds
Refreshing native plugins compatible for Editor in 9.42 ms, found 3 plugins.
Preloading 0 native plugins for Editor in 0.00 ms.
Unloading 6857 Unused Serialized files (Serialized files now loaded: 0)
Unloading 94 unused Assets / (1.9 MB). Loaded Objects now: 7319.
Memory consumption went from 325.1 MB to 323.2 MB.
Total: 30.181800 ms (FindLiveObjects: 4.120200 ms CreateObjectMapping: 3.183800 ms MarkObjects: 11.310000 ms  DeleteObjects: 11.564000 ms)

AssetImportParameters requested are different than current active one (requested -> active):
  custom:container-demuxer-ogg: 62fdf1f143b41e24485cea50d1cbac27 -> 
  custom:framework-win-MediaFoundation: 216162199b28c13a410421893ffa2e32 -> 
  custom:container-muxer-webm: aa71ff27fc2769a1b78a27578f13a17b -> 
  custom:video-decoder-webm-vp8: 9c59270c3fd7afecdb556c50c9e8de78 -> 
  custom:AudioImporter_EditorPlatform: d09bf68614088b80899f8185d706f6e7 -> 
  custom:audio-decoder-ogg-vorbis: bf7c407c2cedff20999df2af8eb42d56 -> 
  custom:audio-encoder-webm-vorbis: bf7c407c2cedff20999df2af8eb42d56 -> 
  custom:video-decoder-ogg-theora: a1e56fd34408186e4bbccfd4996cb3dc -> 
  custom:container-demuxer-webm: 4f35f7cbe854078d1ac9338744f61a02 -> 
  custom:video-encoder-webm-vp8: eb34c28f22e8b96e1ab97ce403110664 -> 
========================================================================
Received Prepare
Refreshing native plugins compatible for Editor in 6.15 ms, found 3 plugins.
Preloading 0 native plugins for Editor in 0.00 ms.
Unloading 10 Unused Serialized files (Serialized files now loaded: 0)
Unloading 10 unused Assets / (1.8 MB). Loaded Objects now: 7319.
Memory consumption went from 143.6 MB to 141.7 MB.
Total: 18.198000 ms (FindLiveObjects: 3.847000 ms CreateObjectMapping: 2.696000 ms MarkObjects: 10.313800 ms  DeleteObjects: 1.333600 ms)

Prepare: number of updated asset objects reloaded= 0
AssetImportParameters requested are different than current active one (requested -> active):
  custom:container-demuxer-ogg: 62fdf1f143b41e24485cea50d1cbac27 -> 
  custom:framework-win-MediaFoundation: 216162199b28c13a410421893ffa2e32 -> 
  custom:container-muxer-webm: aa71ff27fc2769a1b78a27578f13a17b -> 
  custom:video-decoder-webm-vp8: 9c59270c3fd7afecdb556c50c9e8de78 -> 
  custom:AudioImporter_EditorPlatform: d09bf68614088b80899f8185d706f6e7 -> 
  custom:audio-decoder-ogg-vorbis: bf7c407c2cedff20999df2af8eb42d56 -> 
  custom:audio-encoder-webm-vorbis: bf7c407c2cedff20999df2af8eb42d56 -> 
  custom:video-decoder-ogg-theora: a1e56fd34408186e4bbccfd4996cb3dc -> 
  custom:CustomObjectIndexerAttribute: a3ef5dd2817f97addfee359851a9dba5 -> 
  custom:container-demuxer-webm: 4f35f7cbe854078d1ac9338744f61a02 -> 
  custom:video-encoder-webm-vp8: eb34c28f22e8b96e1ab97ce403110664 -> 
========================================================================
Received Import Request.
  Time since last request: 26252.188336 seconds.
  path: Assets/Arte/Models/Bat.fbx
  artifactKey: Guid(faa1d308840a4544c8b2a957b5de6810) Importer(815301076,1909f56bfc062723c751e8b465ee728b)
Start importing Assets/Arte/Models/Bat.fbx using Guid(faa1d308840a4544c8b2a957b5de6810) Importer(815301076,1909f56bfc062723c751e8b465ee728b)  -> (artifact id: 'a0a84aa841a04282483ff7e57122c330') in 0.006913 seconds
Number of updated asset objects reloaded before import = 0
Number of asset objects unloaded after import = 7
========================================================================
Received Import Request.
  Time since last request: 1.122813 seconds.
  path: Assets/Arte/Models/Witch_Model_2.fbx
  artifactKey: Guid(1155f8b8b41499e49be8acc0fe005bb5) Importer(815301076,1909f56bfc062723c751e8b465ee728b)
Start importing Assets/Arte/Models/Witch_Model_2.fbx using Guid(1155f8b8b41499e49be8acc0fe005bb5) Importer(815301076,1909f56bfc062723c751e8b465ee728b)  -> (artifact id: '7a7073ef79ae303fa8ac1f4a3f3183ef') in 0.014045 seconds
Number of updated asset objects reloaded before import = 0
Number of asset objects unloaded after import = 355
========================================================================
Received Import Request.
  Time since last request: 13.527573 seconds.
  path: Assets/Arte/Models/volcano.fbx
  artifactKey: Guid(ce5f6bb949b496d4f91ceb74b74f2fcd) Importer(815301076,1909f56bfc062723c751e8b465ee728b)
Start importing Assets/Arte/Models/volcano.fbx using Guid(ce5f6bb949b496d4f91ceb74b74f2fcd) Importer(815301076,1909f56bfc062723c751e8b465ee728b)  -> (artifact id: '15a8b3c690e0fc70f177bc1aa75d1375') in 0.003327 seconds
Number of updated asset objects reloaded before import = 0
Number of asset objects unloaded after import = 18
========================================================================
Received Import Request.
  Time since last request: 115.254368 seconds.
  path: Assets/Arte/Shaders/Volcano
  artifactKey: Guid(2aee1475e88d38a4fb65f7e0fc45909f) Importer(815301076,1909f56bfc062723c751e8b465ee728b)
Start importing Assets/Arte/Shaders/Volcano using Guid(2aee1475e88d38a4fb65f7e0fc45909f) Importer(815301076,1909f56bfc062723c751e8b465ee728b)  -> (artifact id: 'f82cda9e581fe29e0c58a8f758747190') in 0.002695 seconds
Number of updated asset objects reloaded before import = 0
Number of asset objects unloaded after import = 0
========================================================================
Received Import Request.
  Time since last request: 0.000030 seconds.
  path: Assets/Arte/Shaders/Nube/S_Clouds.mat
  artifactKey: Guid(ad4400aa53c4b6d49948ca56e4a378db) Importer(815301076,1909f56bfc062723c751e8b465ee728b)
Start importing Assets/Arte/Shaders/Nube/S_Clouds.mat using Guid(ad4400aa53c4b6d49948ca56e4a378db) Importer(815301076,1909f56bfc062723c751e8b465ee728b)  -> (artifact id: '1e929fc993957c15eda9d863d75a6be6') in 0.008004 seconds
Number of updated asset objects reloaded before import = 0
Number of asset objects unloaded after import = 2
========================================================================
Received Import Request.
  Time since last request: 0.000037 seconds.
  path: Assets/Arte/Shaders/Nube/S_CloudsLevel6.mat
  artifactKey: Guid(9e76031c6b81812478e3edbae4e8c7d8) Importer(815301076,1909f56bfc062723c751e8b465ee728b)
Start importing Assets/Arte/Shaders/Nube/S_CloudsLevel6.mat using Guid(9e76031c6b81812478e3edbae4e8c7d8) Importer(815301076,1909f56bfc062723c751e8b465ee728b)  -> (artifact id: '8b135bc9c99d447f81e7f8465ec1ebec') in 0.005873 seconds
Number of updated asset objects reloaded before import = 0
Number of asset objects unloaded after import = 2
========================================================================
Received Import Request.
  Time since last request: 0.000802 seconds.
  path: Assets/Arte/Shaders/Nube/sky.prefab
  artifactKey: Guid(4bf3e9471a893cb40a9499d1058a2281) Importer(815301076,1909f56bfc062723c751e8b465ee728b)
Start importing Assets/Arte/Shaders/Nube/sky.prefab using Guid(4bf3e9471a893cb40a9499d1058a2281) Importer(815301076,1909f56bfc062723c751e8b465ee728b)  -> (artifact id: '4e4f5c0630d0c099a6fb3ea27faf679a') in 0.023370 seconds
Number of updated asset objects reloaded before import = 0
Number of asset objects unloaded after import = 6
========================================================================
Received Import Request.
  Time since last request: 0.000829 seconds.
  path: Assets/Arte/Shaders/Nube/sky ultimo.prefab
  artifactKey: Guid(5962e03e05a3b7d4981b734c30dd1e01) Importer(815301076,1909f56bfc062723c751e8b465ee728b)
Start importing Assets/Arte/Shaders/Nube/sky ultimo.prefab using Guid(5962e03e05a3b7d4981b734c30dd1e01) Importer(815301076,1909f56bfc062723c751e8b465ee728b)  -> (artifact id: 'fbd6460749ab3dc408721a5c0d2a8844') in 0.032847 seconds
Number of updated asset objects reloaded before import = 0
Number of asset objects unloaded after import = 6
========================================================================
Received Import Request.
  Time since last request: 36.210007 seconds.
  path: Assets/Arte/Shaders/Volcano/volcano.mat
  artifactKey: Guid(ddb3b5538473afb4099893602ffb1856) Importer(815301076,1909f56bfc062723c751e8b465ee728b)
Start importing Assets/Arte/Shaders/Volcano/volcano.mat using Guid(ddb3b5538473afb4099893602ffb1856) Importer(815301076,1909f56bfc062723c751e8b465ee728b)  -> (artifact id: '3afd214f915bae38d7b6046f0434a3c2') in 0.001846 seconds
Number of updated asset objects reloaded before import = 4
Number of asset objects unloaded after import = 1
========================================================================
Received Import Request.
  Time since last request: 11.872678 seconds.
  path: Assets/Arte/Shaders/S_UVGradient.shadergraph
  artifactKey: Guid(f9150562ee693804faea35a0565383bf) Importer(815301076,1909f56bfc062723c751e8b465ee728b)
Start importing Assets/Arte/Shaders/S_UVGradient.shadergraph using Guid(f9150562ee693804faea35a0565383bf) Importer(815301076,1909f56bfc062723c751e8b465ee728b)  -> (artifact id: '13960ff01d7adb2fdc636d67b9a69dfd') in 0.001631 seconds
Number of updated asset objects reloaded before import = 0
Number of asset objects unloaded after import = 1
========================================================================
Received Import Request.
  Time since last request: 9.873951 seconds.
  path: Assets/Arte/Shaders/Volcano/S_UVGradient.shadergraph
  artifactKey: Guid(9344ef89bf06b5448b1ba0f3b0748828) Importer(815301076,1909f56bfc062723c751e8b465ee728b)
Start importing Assets/Arte/Shaders/Volcano/S_UVGradient.shadergraph using Guid(9344ef89bf06b5448b1ba0f3b0748828) Importer(815301076,1909f56bfc062723c751e8b465ee728b)  -> (artifact id: '0bcb0dc73581eaa55c3b4be01deb1fc6') in 0.003401 seconds
Number of updated asset objects reloaded before import = 0
Number of asset objects unloaded after import = 2
