Using pre-set license
Built from '2022.3/release' branch; Version is '2022.3.5f1 (9674261d40ee) revision 9860134'; Using compiler version '192829333'; Build Type 'Release'
OS: 'Windows 10  (10.0.19045) 64bit Professional' Language: 'es' Physical Memory: 12008 MB
BatchMode: 1, IsHumanControllingUs: 0, StartBugReporterOnCrash: 0, Is64bit: 1, IsPro: 1

COMMAND LINE ARGUMENTS:
C:\Program Files\Unity\Hub\Editor\2022.3.5f1\Editor\Unity.exe
-adb2
-batchMode
-noUpm
-name
AssetImportWorker0
-projectPath
C:/Users/p4l0m/Documents/GitHub/Tesis
-logFile
Logs/AssetImportWorker0.log
-srvPort
55311
Successfully changed project path to: C:/Users/p4l0m/Documents/GitHub/Tesis
C:/Users/p4l0m/Documents/GitHub/Tesis
[UnityMemory] Configuration Parameters - Can be set up in boot.config
    "memorysetup-bucket-allocator-granularity=16"
    "memorysetup-bucket-allocator-bucket-count=8"
    "memorysetup-bucket-allocator-block-size=33554432"
    "memorysetup-bucket-allocator-block-count=8"
    "memorysetup-main-allocator-block-size=16777216"
    "memorysetup-thread-allocator-block-size=16777216"
    "memorysetup-gfx-main-allocator-block-size=16777216"
    "memorysetup-gfx-thread-allocator-block-size=16777216"
    "memorysetup-cache-allocator-block-size=4194304"
    "memorysetup-typetree-allocator-block-size=2097152"
    "memorysetup-profiler-bucket-allocator-granularity=16"
    "memorysetup-profiler-bucket-allocator-bucket-count=8"
    "memorysetup-profiler-bucket-allocator-block-size=33554432"
    "memorysetup-profiler-bucket-allocator-block-count=8"
    "memorysetup-profiler-allocator-block-size=16777216"
    "memorysetup-profiler-editor-allocator-block-size=1048576"
    "memorysetup-temp-allocator-size-main=16777216"
    "memorysetup-job-temp-allocator-block-size=2097152"
    "memorysetup-job-temp-allocator-block-size-background=1048576"
    "memorysetup-job-temp-allocator-reduction-small-platforms=262144"
    "memorysetup-allocator-temp-initial-block-size-main=262144"
    "memorysetup-allocator-temp-initial-block-size-worker=262144"
    "memorysetup-temp-allocator-size-background-worker=32768"
    "memorysetup-temp-allocator-size-job-worker=262144"
    "memorysetup-temp-allocator-size-preload-manager=33554432"
    "memorysetup-temp-allocator-size-nav-mesh-worker=65536"
    "memorysetup-temp-allocator-size-audio-worker=65536"
    "memorysetup-temp-allocator-size-cloud-worker=32768"
    "memorysetup-temp-allocator-size-gi-baking-worker=262144"
    "memorysetup-temp-allocator-size-gfx=262144"
Player connection [1304] Host "[IP] 192.168.133.107 [Port] 0 [Flags] 2 [Guid] 4024263430 [EditorId] 4024263430 [Version] 1048832 [Id] WindowsEditor(7,DESKTOP-PIBLJ4L) [Debug] 1 [PackageName] WindowsEditor [ProjectName] Editor" joined multi-casting on [225.0.0.222:54997]...

Player connection [1304] Host "[IP] 192.168.133.107 [Port] 0 [Flags] 2 [Guid] 4024263430 [EditorId] 4024263430 [Version] 1048832 [Id] WindowsEditor(7,DESKTOP-PIBLJ4L) [Debug] 1 [PackageName] WindowsEditor [ProjectName] Editor" joined alternative multi-casting on [225.0.0.222:34997]...

Refreshing native plugins compatible for Editor in 250.74 ms, found 3 plugins.
Preloading 0 native plugins for Editor in 0.00 ms.
Initialize engine version: 2022.3.5f1 (9674261d40ee)
[Subsystems] Discovering subsystems at path C:/Program Files/Unity/Hub/Editor/2022.3.5f1/Editor/Data/Resources/UnitySubsystems
[Subsystems] Discovering subsystems at path C:/Users/p4l0m/Documents/GitHub/Tesis/Assets
GfxDevice: creating device client; threaded=0; jobified=0
Direct3D:
    Version:  Direct3D 11.0 [level 10.1]
    Renderer: Intel(R) HD Graphics (ID=0x102)
    Vendor:   Intel
    VRAM:     256 MB
    Driver:   9.17.10.4459
Initialize mono
Mono path[0] = 'C:/Program Files/Unity/Hub/Editor/2022.3.5f1/Editor/Data/Managed'
Mono path[1] = 'C:/Program Files/Unity/Hub/Editor/2022.3.5f1/Editor/Data/MonoBleedingEdge/lib/mono/unityjit-win32'
Mono config path = 'C:/Program Files/Unity/Hub/Editor/2022.3.5f1/Editor/Data/MonoBleedingEdge/etc'
Using monoOptions --debugger-agent=transport=dt_socket,embedding=1,server=y,suspend=n,address=127.0.0.1:56720
Begin MonoManager ReloadAssembly
Registering precompiled unity dll's ...
Register platform support module: C:/Program Files/Unity/Hub/Editor/2022.3.5f1/Editor/Data/PlaybackEngines/WindowsStandaloneSupport/UnityEditor.WindowsStandalone.Extensions.dll
Registered in 0.016624 seconds.
- Loaded All Assemblies, in  1.057 seconds
Native extension for WindowsStandalone target not found
Mono: successfully reloaded assembly
- Finished resetting the current domain, in  0.713 seconds
Domain Reload Profiling: 1766ms
	BeginReloadAssembly (480ms)
		ExecutionOrderSort (0ms)
		DisableScriptedObjects (0ms)
		BackupInstance (0ms)
		ReleaseScriptingObjects (0ms)
		CreateAndSetChildDomain (2ms)
	RebuildCommonClasses (73ms)
	RebuildNativeTypeToScriptingClass (35ms)
	initialDomainReloadingComplete (173ms)
	LoadAllAssembliesAndSetupDomain (290ms)
		LoadAssemblies (476ms)
		RebuildTransferFunctionScriptingTraits (0ms)
		AnalyzeDomain (279ms)
			TypeCache.Refresh (275ms)
				TypeCache.ScanAssembly (247ms)
			ScanForSourceGeneratedMonoScriptInfo (1ms)
			ResolveRequiredComponents (3ms)
	FinalizeReload (714ms)
		ReleaseScriptCaches (0ms)
		RebuildScriptCaches (0ms)
		SetupLoadedEditorAssemblies (564ms)
			LogAssemblyErrors (0ms)
			InitializePlatformSupportModulesInManaged (30ms)
			SetLoadedEditorAssemblies (17ms)
			RefreshPlugins (0ms)
			BeforeProcessingInitializeOnLoad (6ms)
			ProcessInitializeOnLoadAttributes (389ms)
			ProcessInitializeOnLoadMethodAttributes (122ms)
			AfterProcessingInitializeOnLoad (0ms)
			EditorAssembliesLoaded (0ms)
		ExecutionOrderSort2 (0ms)
		AwakeInstancesAfterBackupRestoration (0ms)
========================================================================
Worker process is ready to serve import requests
Begin MonoManager ReloadAssembly
Symbol file LoadedFromMemory doesn't match image C:\Users\p4l0m\Documents\GitHub\Tesis\Library\PackageCache\com.unity.visualscripting@1.8.0\Editor\VisualScripting.Core\Dependencies\YamlDotNet\Unity.VisualScripting.YamlDotNet.dll
Symbol file LoadedFromMemory doesn't match image C:\Users\p4l0m\Documents\GitHub\Tesis\Library\PackageCache\com.unity.visualscripting@1.8.0\Editor\VisualScripting.Core\Dependencies\DotNetZip\Unity.VisualScripting.IonicZip.dll
- Loaded All Assemblies, in  3.886 seconds
Refreshing native plugins compatible for Editor in 12.37 ms, found 3 plugins.
Native extension for WindowsStandalone target not found
Package Manager log level set to [2]
[Package Manager] Server::EnsureServerProcessIsRunning -- launch failed, reason: Unity was launched with the -noUpm command-line argument
[Package Manager] UpmClient::Send -- Unable to send message (not connected to UPM process).
[Package Manager] Cannot connect to Unity Package Manager local server
[Package Manager] Server::EnsureServerProcessIsRunning -- launch failed, reason: Unity was launched with the -noUpm command-line argument
[Package Manager] UpmClient::Send -- Unable to send message (not connected to UPM process).
[Package Manager] Cannot connect to Unity Package Manager local server
Mono: successfully reloaded assembly
- Finished resetting the current domain, in  2.286 seconds
Domain Reload Profiling: 6163ms
	BeginReloadAssembly (369ms)
		ExecutionOrderSort (0ms)
		DisableScriptedObjects (17ms)
		BackupInstance (0ms)
		ReleaseScriptingObjects (1ms)
		CreateAndSetChildDomain (47ms)
	RebuildCommonClasses (78ms)
	RebuildNativeTypeToScriptingClass (25ms)
	initialDomainReloadingComplete (112ms)
	LoadAllAssembliesAndSetupDomain (3293ms)
		LoadAssemblies (2360ms)
		RebuildTransferFunctionScriptingTraits (0ms)
		AnalyzeDomain (1125ms)
			TypeCache.Refresh (1004ms)
				TypeCache.ScanAssembly (966ms)
			ScanForSourceGeneratedMonoScriptInfo (93ms)
			ResolveRequiredComponents (28ms)
	FinalizeReload (2287ms)
		ReleaseScriptCaches (0ms)
		RebuildScriptCaches (0ms)
		SetupLoadedEditorAssemblies (1698ms)
			LogAssemblyErrors (0ms)
			InitializePlatformSupportModulesInManaged (15ms)
			SetLoadedEditorAssemblies (8ms)
			RefreshPlugins (0ms)
			BeforeProcessingInitializeOnLoad (240ms)
			ProcessInitializeOnLoadAttributes (1241ms)
			ProcessInitializeOnLoadMethodAttributes (173ms)
			AfterProcessingInitializeOnLoad (20ms)
			EditorAssembliesLoaded (0ms)
		ExecutionOrderSort2 (0ms)
		AwakeInstancesAfterBackupRestoration (9ms)
Launched and connected shader compiler UnityShaderCompiler.exe after 0.16 seconds
Refreshing native plugins compatible for Editor in 10.58 ms, found 3 plugins.
Preloading 0 native plugins for Editor in 0.00 ms.
Unloading 6873 Unused Serialized files (Serialized files now loaded: 0)
Unloading 94 unused Assets / (1.9 MB). Loaded Objects now: 7336.
Memory consumption went from 328.5 MB to 326.6 MB.
Total: 10.026900 ms (FindLiveObjects: 1.533800 ms CreateObjectMapping: 0.916300 ms MarkObjects: 6.730900 ms  DeleteObjects: 0.843200 ms)

AssetImportParameters requested are different than current active one (requested -> active):
  custom:container-demuxer-ogg: 62fdf1f143b41e24485cea50d1cbac27 -> 
  custom:framework-win-MediaFoundation: 216162199b28c13a410421893ffa2e32 -> 
  custom:container-muxer-webm: aa71ff27fc2769a1b78a27578f13a17b -> 
  custom:video-decoder-webm-vp8: 9c59270c3fd7afecdb556c50c9e8de78 -> 
  custom:AudioImporter_EditorPlatform: d09bf68614088b80899f8185d706f6e7 -> 
  custom:audio-decoder-ogg-vorbis: bf7c407c2cedff20999df2af8eb42d56 -> 
  custom:audio-encoder-webm-vorbis: bf7c407c2cedff20999df2af8eb42d56 -> 
  custom:video-decoder-ogg-theora: a1e56fd34408186e4bbccfd4996cb3dc -> 
  custom:container-demuxer-webm: 4f35f7cbe854078d1ac9338744f61a02 -> 
  custom:video-encoder-webm-vp8: eb34c28f22e8b96e1ab97ce403110664 -> 
========================================================================
Received Import Request.
  Time since last request: 53327.972920 seconds.
  path: Assets/State-Driven Camera Blends.asset
  artifactKey: Guid(527d1f70a15d7954f9954977c7607da3) Importer(815301076,1909f56bfc062723c751e8b465ee728b)
Start importing Assets/State-Driven Camera Blends.asset using Guid(527d1f70a15d7954f9954977c7607da3) Importer(815301076,1909f56bfc062723c751e8b465ee728b)  -> (artifact id: '5f4345cbab35c8f47da69b5be4d52939') in 0.028156 seconds
Number of updated asset objects reloaded before import = 0
Number of asset objects unloaded after import = 1
========================================================================
Received Import Request.
  Time since last request: 0.000146 seconds.
  path: Assets/TerrainData_ce7d74e2-78f6-417c-beaf-7875355d1686.asset
  artifactKey: Guid(bde5b5ebf9f9a7446ad12daf09b00c91) Importer(815301076,1909f56bfc062723c751e8b465ee728b)
Start importing Assets/TerrainData_ce7d74e2-78f6-417c-beaf-7875355d1686.asset using Guid(bde5b5ebf9f9a7446ad12daf09b00c91) Importer(815301076,1909f56bfc062723c751e8b465ee728b)  -> (artifact id: '55fa6076f45af3e831b0a4f010ee8348') in 0.030486 seconds
Number of updated asset objects reloaded before import = 0
Number of asset objects unloaded after import = 130
========================================================================
Received Import Request.
  Time since last request: 8.842869 seconds.
  path: Assets/Scenes/Palo_testing.unity
  artifactKey: Guid(14752efff2510f04bace7effcd36c06e) Importer(815301076,1909f56bfc062723c751e8b465ee728b)
Start importing Assets/Scenes/Palo_testing.unity using Guid(14752efff2510f04bace7effcd36c06e) Importer(815301076,1909f56bfc062723c751e8b465ee728b)  -> (artifact id: 'c42eda866bb7a4b03e482e1692257ba6') in 0.000689 seconds
Number of updated asset objects reloaded before import = 0
Number of asset objects unloaded after import = 0
========================================================================
Received Prepare
Refreshing native plugins compatible for Editor in 8.16 ms, found 3 plugins.
Preloading 0 native plugins for Editor in 0.00 ms.
Unloading 10 Unused Serialized files (Serialized files now loaded: 0)
Unloading 10 unused Assets / (1.8 MB). Loaded Objects now: 7337.
Memory consumption went from 144.5 MB to 142.7 MB.
Total: 6.950700 ms (FindLiveObjects: 0.703000 ms CreateObjectMapping: 0.458300 ms MarkObjects: 4.806600 ms  DeleteObjects: 0.980200 ms)

Prepare: number of updated asset objects reloaded= 0
AssetImportParameters requested are different than current active one (requested -> active):
  custom:container-demuxer-ogg: 62fdf1f143b41e24485cea50d1cbac27 -> 
  custom:framework-win-MediaFoundation: 216162199b28c13a410421893ffa2e32 -> 
  custom:container-muxer-webm: aa71ff27fc2769a1b78a27578f13a17b -> 
  custom:video-decoder-webm-vp8: 9c59270c3fd7afecdb556c50c9e8de78 -> 
  custom:AudioImporter_EditorPlatform: d09bf68614088b80899f8185d706f6e7 -> 
  custom:audio-decoder-ogg-vorbis: bf7c407c2cedff20999df2af8eb42d56 -> 
  custom:audio-encoder-webm-vorbis: bf7c407c2cedff20999df2af8eb42d56 -> 
  custom:video-decoder-ogg-theora: a1e56fd34408186e4bbccfd4996cb3dc -> 
  custom:CustomObjectIndexerAttribute: a3ef5dd2817f97addfee359851a9dba5 -> 
  custom:container-demuxer-webm: 4f35f7cbe854078d1ac9338744f61a02 -> 
  custom:video-encoder-webm-vp8: eb34c28f22e8b96e1ab97ce403110664 -> 
========================================================================
Received Import Request.
  Time since last request: 27.865380 seconds.
  path: Assets/Prefabs/MagicBall.prefab
  artifactKey: Guid(37d5faa2f6eee6f4d82de81a4b08ac9f) Importer(815301076,1909f56bfc062723c751e8b465ee728b)
Start importing Assets/Prefabs/MagicBall.prefab using Guid(37d5faa2f6eee6f4d82de81a4b08ac9f) Importer(815301076,1909f56bfc062723c751e8b465ee728b)  -> (artifact id: '520a966c6cd483eef009f6cf780cd97d') in 0.022077 seconds
Number of updated asset objects reloaded before import = 0
Number of asset objects unloaded after import = 16
========================================================================
Received Import Request.
  Time since last request: 0.000193 seconds.
  path: Assets/Prefabs/MagicBallGraph.prefab
  artifactKey: Guid(7c7b240d2d86d1a44a3788c900599ee4) Importer(815301076,1909f56bfc062723c751e8b465ee728b)
Start importing Assets/Prefabs/MagicBallGraph.prefab using Guid(7c7b240d2d86d1a44a3788c900599ee4) Importer(815301076,1909f56bfc062723c751e8b465ee728b)  -> (artifact id: 'c1b75fa341eafd2394c002035d076630') in 0.004287 seconds
Number of updated asset objects reloaded before import = 0
Number of asset objects unloaded after import = 12
========================================================================
Received Import Request.
  Time since last request: 0.000028 seconds.
  path: Assets/Prefabs/Witch.prefab
  artifactKey: Guid(8181769c6537cd04dbb19e7186071fd8) Importer(815301076,1909f56bfc062723c751e8b465ee728b)
Start importing Assets/Prefabs/Witch.prefab using Guid(8181769c6537cd04dbb19e7186071fd8) Importer(815301076,1909f56bfc062723c751e8b465ee728b)  -> (artifact id: '18c6abc081cfb1b18b1ed5a7c85def00') in 0.053779 seconds
Number of updated asset objects reloaded before import = 0
Number of asset objects unloaded after import = 468
========================================================================
Received Import Request.
  Time since last request: 0.000042 seconds.
  path: Assets/Arte/Models/bottle.fbx
  artifactKey: Guid(d44cc10d8374ec14db892f6d5b8fce46) Importer(815301076,1909f56bfc062723c751e8b465ee728b)
Start importing Assets/Arte/Models/bottle.fbx using Guid(d44cc10d8374ec14db892f6d5b8fce46) Importer(815301076,1909f56bfc062723c751e8b465ee728b)  -> (artifact id: '25814efccfbab49a217c1599be81ff6e') in 0.003168 seconds
Number of updated asset objects reloaded before import = 0
Number of asset objects unloaded after import = 20
========================================================================
Received Import Request.
  Time since last request: 0.000022 seconds.
  path: Assets/Arte/Models/Tunelviento.fbx
  artifactKey: Guid(628d74380d4acab46bea57c8fc9fac7c) Importer(815301076,1909f56bfc062723c751e8b465ee728b)
Start importing Assets/Arte/Models/Tunelviento.fbx using Guid(628d74380d4acab46bea57c8fc9fac7c) Importer(815301076,1909f56bfc062723c751e8b465ee728b)  -> (artifact id: '05cbaa77ba66af7e3c46b04868e8dafa') in 0.014799 seconds
Number of updated asset objects reloaded before import = 0
Number of asset objects unloaded after import = 7
========================================================================
Received Import Request.
  Time since last request: 0.000025 seconds.
  path: Assets/Prefabs/AutoDriveZone.prefab
  artifactKey: Guid(2e07bddf3c85e4c49b11e4f7d9e3c41c) Importer(815301076,1909f56bfc062723c751e8b465ee728b)
Start importing Assets/Prefabs/AutoDriveZone.prefab using Guid(2e07bddf3c85e4c49b11e4f7d9e3c41c) Importer(815301076,1909f56bfc062723c751e8b465ee728b)  -> (artifact id: '03ac79b53cdad4d8f5d1ff4038c27447') in 0.001701 seconds
Number of updated asset objects reloaded before import = 0
Number of asset objects unloaded after import = 5
========================================================================
Received Import Request.
  Time since last request: 0.000039 seconds.
  path: Assets/Prefabs/ScreenShaders.prefab
  artifactKey: Guid(6686309f62cf2ee439130173672341cc) Importer(815301076,1909f56bfc062723c751e8b465ee728b)
Start importing Assets/Prefabs/ScreenShaders.prefab using Guid(6686309f62cf2ee439130173672341cc) Importer(815301076,1909f56bfc062723c751e8b465ee728b)  -> (artifact id: 'd3a6c2b23ad9be1ba3a8ae4cbc45a9cb') in 0.003056 seconds
Number of updated asset objects reloaded before import = 0
Number of asset objects unloaded after import = 5
========================================================================
Received Import Request.
  Time since last request: 0.000022 seconds.
  path: Assets/Prefabs/CatapultICE.prefab
  artifactKey: Guid(22015f47e1e96be479259a50c33e567b) Importer(815301076,1909f56bfc062723c751e8b465ee728b)
Start importing Assets/Prefabs/CatapultICE.prefab using Guid(22015f47e1e96be479259a50c33e567b) Importer(815301076,1909f56bfc062723c751e8b465ee728b)  -> (artifact id: 'ca267dd83c01fa8e3313e9dd2b0c6f46') in 0.025701 seconds
Number of updated asset objects reloaded before import = 0
Number of asset objects unloaded after import = 98
========================================================================
Received Import Request.
  Time since last request: 0.000024 seconds.
  path: Assets/Arte/Models/box.fbx
  artifactKey: Guid(ad70589fc7939934aa736fec3a1e9d50) Importer(815301076,1909f56bfc062723c751e8b465ee728b)
Start importing Assets/Arte/Models/box.fbx using Guid(ad70589fc7939934aa736fec3a1e9d50) Importer(815301076,1909f56bfc062723c751e8b465ee728b)  -> (artifact id: '743221e5f3d949c8931a44d68b3182bb') in 0.003099 seconds
Number of updated asset objects reloaded before import = 0
Number of asset objects unloaded after import = 15
========================================================================
Received Import Request.
  Time since last request: 0.000043 seconds.
  path: Assets/Arte/Models/hourglass.fbx
  artifactKey: Guid(21739254816f90d4d858e4db61524dcf) Importer(815301076,1909f56bfc062723c751e8b465ee728b)
Start importing Assets/Arte/Models/hourglass.fbx using Guid(21739254816f90d4d858e4db61524dcf) Importer(815301076,1909f56bfc062723c751e8b465ee728b)  -> (artifact id: '0de6838c451dab2a26750bffc5387415') in 0.004916 seconds
Number of updated asset objects reloaded before import = 0
Number of asset objects unloaded after import = 20
========================================================================
Received Import Request.
  Time since last request: 24.881353 seconds.
  path: Assets/Arte/Materials/Props/reloj__lambert2_color.png
  artifactKey: Guid(c92dee1d1e1f2174c8c40b83e6387ad7) Importer(815301076,1909f56bfc062723c751e8b465ee728b)
Start importing Assets/Arte/Materials/Props/reloj__lambert2_color.png using Guid(c92dee1d1e1f2174c8c40b83e6387ad7) Importer(815301076,1909f56bfc062723c751e8b465ee728b)  -> (artifact id: 'ae842ddd1e68b240f6d2530bc10cca05') in 0.031570 seconds
Number of updated asset objects reloaded before import = 0
Number of asset objects unloaded after import = 1
========================================================================
Received Import Request.
  Time since last request: 275.092753 seconds.
  path: Assets/Arte/Materials/Props/hourglass wood 1.mat
  artifactKey: Guid(733aeaa01197b2a438668657e58b58be) Importer(815301076,1909f56bfc062723c751e8b465ee728b)
Start importing Assets/Arte/Materials/Props/hourglass wood 1.mat using Guid(733aeaa01197b2a438668657e58b58be) Importer(815301076,1909f56bfc062723c751e8b465ee728b)  -> (artifact id: '7c87f12d046c1e2d5654859ecfede1d8') in 0.001907 seconds
Number of updated asset objects reloaded before import = 0
Number of asset objects unloaded after import = 1
========================================================================
Received Import Request.
  Time since last request: 427.902083 seconds.
  path: Assets/Arte/Materials/Crystals/Cristales fin_Cristal1_Emissive.png
  artifactKey: Guid(b24995cdfbf99e448aa20c34f6d81bc0) Importer(815301076,1909f56bfc062723c751e8b465ee728b)
Start importing Assets/Arte/Materials/Crystals/Cristales fin_Cristal1_Emissive.png using Guid(b24995cdfbf99e448aa20c34f6d81bc0) Importer(815301076,1909f56bfc062723c751e8b465ee728b)  -> (artifact id: 'e46b76d50ad330b34c09538e9ceb7538') in 0.038599 seconds
Number of updated asset objects reloaded before import = 0
Number of asset objects unloaded after import = 1
========================================================================
Received Import Request.
  Time since last request: 0.000041 seconds.
  path: Assets/Arte/Materials/Crystals/Cristales fin_Cristal1_Normal.png
  artifactKey: Guid(0cb94cdad67dc9740ab572a222176b72) Importer(815301076,1909f56bfc062723c751e8b465ee728b)
Start importing Assets/Arte/Materials/Crystals/Cristales fin_Cristal1_Normal.png using Guid(0cb94cdad67dc9740ab572a222176b72) Importer(815301076,1909f56bfc062723c751e8b465ee728b)  -> (artifact id: 'da8d07cb47a9ee01657ea862d9a2f866') in 0.026038 seconds
Number of updated asset objects reloaded before import = 0
Number of asset objects unloaded after import = 1
========================================================================
Received Import Request.
  Time since last request: 0.000037 seconds.
  path: Assets/Arte/Materials/Crystals/Crystal.mat
  artifactKey: Guid(bf4f86bd574d337478956f47a8fe86fb) Importer(815301076,1909f56bfc062723c751e8b465ee728b)
Start importing Assets/Arte/Materials/Crystals/Crystal.mat using Guid(bf4f86bd574d337478956f47a8fe86fb) Importer(815301076,1909f56bfc062723c751e8b465ee728b)  -> (artifact id: '3ced077c1ad5d26ae7136b9ec288c65d') in 0.001753 seconds
Number of updated asset objects reloaded before import = 0
Number of asset objects unloaded after import = 1
